<?xml version="1.0" encoding="UTF-8"?>
<TestRun id="1fe0abf5-6ccd-4f0c-a270-5620ab585239" name="jkieffer@OMS 2013-03-23 16:20:24" runUser="CLINMIRA\jkieffer" xmlns="http://microsoft.com/schemas/VisualStudio/TeamTest/2010">
  <TestSettings name="Local" id="1b8b4ad3-d1bf-413d-ba0c-5696d69d5d98">
    <Description>Esta es la configuración de pruebas predeterminada para una ejecución de pruebas local.</Description>
    <Deployment enabled="false" runDeploymentRoot="jkieffer_OMS 2013-03-23 16_20_24" />
    <Execution>
      <TestTypeSpecific />
      <AgentRule name="Execution Agents">
      </AgentRule>
    </Execution>
  </TestSettings>
  <Times creation="2013-03-23T16:20:24.6990862-05:00" queuing="2013-03-23T16:20:25.5311338-05:00" start="2013-03-23T16:20:25.6491405-05:00" finish="2013-03-23T16:20:56.0338784-05:00" />
  <ResultSummary outcome="Completed">
    <Counters total="1" executed="1" passed="1" error="0" failed="0" timeout="0" aborted="0" inconclusive="0" passedButRunAborted="0" notRunnable="0" notExecuted="0" disconnected="0" warning="0" completed="0" inProgress="0" pending="0" />
  </ResultSummary>
  <TestDefinitions>
    <UnitTest name="Consulta_Deudor_x_Dni" storage="d:\_karlos\personal\work_upc\repositorio_dsd\wscobranzasoft\fuente_dsd\webapplication1\testwscobranzas\bin\debug\testwscobranzas.dll" id="208c1e3e-2046-696f-3cd5-e79cbc13b10c">
      <Execution id="f637c31a-c9d5-42cd-a202-c3b43b7b346a" />
      <TestMethod codeBase="D:/_Karlos/Personal/Work_UPC/Repositorio_DSD/wscobranzasoft/Fuente_DSD/WebApplication1/TestWScobranzas/bin/Debug/TestWScobranzas.DLL" adapterTypeName="Microsoft.VisualStudio.TestTools.TestTypes.Unit.UnitTestAdapter, Microsoft.VisualStudio.QualityTools.Tips.UnitTest.Adapter, Version=10.0.0.0, Culture=neutral, PublicKeyToken=b03f5f7f11d50a3a" className="TestWScobranzas.UnitTest1, TestWScobranzas, Version=1.0.0.0, Culture=neutral, PublicKeyToken=null" name="Consulta_Deudor_x_Dni" />
    </UnitTest>
  </TestDefinitions>
  <TestLists>
    <TestList name="Resultados que no están en la lista" id="8c84fa94-04c1-424b-9868-57a2d4851a1d" />
    <TestList name="Todos los resultados cargados" id="19431567-8539-422a-85d7-44ee4e166bda" />
  </TestLists>
  <TestEntries>
    <TestEntry testId="208c1e3e-2046-696f-3cd5-e79cbc13b10c" executionId="f637c31a-c9d5-42cd-a202-c3b43b7b346a" testListId="8c84fa94-04c1-424b-9868-57a2d4851a1d" />
  </TestEntries>
  <Results>
    <UnitTestResult executionId="f637c31a-c9d5-42cd-a202-c3b43b7b346a" testId="208c1e3e-2046-696f-3cd5-e79cbc13b10c" testName="Consulta_Deudor_x_Dni" computerName="OMS" duration="00:00:29.0605932" startTime="2013-03-23T16:20:25.7471461-05:00" endTime="2013-03-23T16:20:55.8158660-05:00" testType="13cdc9d9-ddb5-4fa4-a97d-d965ccfc6d4b" outcome="Passed" testListId="8c84fa94-04c1-424b-9868-57a2d4851a1d" relativeResultsDirectory="f637c31a-c9d5-42cd-a202-c3b43b7b346a">
    </UnitTestResult>
  </Results>
</TestRun>